Archive member included because of file (symbol)

z:/program files (x86)/atmel/atmel toolchain/avr8 gcc/native/3.4.1061/avr8-gnu-toolchain/bin/../lib/gcc/avr/4.8.1/avrxmega7\libgcc.a(_exit.o)
                              z:/program files (x86)/atmel/atmel toolchain/avr8 gcc/native/3.4.1061/avr8-gnu-toolchain/bin/../lib/gcc/avr/4.8.1/../../../../avr/lib/avrxmega7/crtx128a1.o (exit)
z:/program files (x86)/atmel/atmel toolchain/avr8 gcc/native/3.4.1061/avr8-gnu-toolchain/bin/../lib/gcc/avr/4.8.1/avrxmega7\libgcc.a(_copy_data.o)
                              frame_buffer.o (__do_copy_data)
z:/program files (x86)/atmel/atmel toolchain/avr8 gcc/native/3.4.1061/avr8-gnu-toolchain/bin/../lib/gcc/avr/4.8.1/avrxmega7\libgcc.a(_clear_bss.o)
                              button_driver.o (__do_clear_bss)

Allocating common symbols
Common symbol       size              file

snake               0x64              button_driver.o
fruit_pos_curr_index
                    0x1               button_driver.o
screen_colour_mask  0x1               vga_driver.o
frame_buffer_ptr    0x2               button_driver.o
vsync_backporch     0x1               vga_driver.o

Discarded input sections

 .data          0x00000000        0x0 z:/program files (x86)/atmel/atmel toolchain/avr8 gcc/native/3.4.1061/avr8-gnu-toolchain/bin/../lib/gcc/avr/4.8.1/../../../../avr/lib/avrxmega7/crtx128a1.o
 .bss           0x00000000        0x0 z:/program files (x86)/atmel/atmel toolchain/avr8 gcc/native/3.4.1061/avr8-gnu-toolchain/bin/../lib/gcc/avr/4.8.1/../../../../avr/lib/avrxmega7/crtx128a1.o
 .text          0x00000000        0x0 button_driver.o
 .data          0x00000000        0x0 button_driver.o
 .bss           0x00000000        0x0 button_driver.o
 .text          0x00000000        0x0 frame_buffer.o
 .data          0x00000000        0x0 frame_buffer.o
 .bss           0x00000000        0x0 frame_buffer.o
 .text          0x00000000        0x0 fruit.o
 .data          0x00000000        0x0 fruit.o
 .bss           0x00000000        0x0 fruit.o
 .text          0x00000000        0x0 snake.o
 .data          0x00000000        0x0 snake.o
 .bss           0x00000000        0x0 snake.o
 .text          0x00000000        0x0 sounds.o
 .data          0x00000000        0x0 sounds.o
 .bss           0x00000000        0x0 sounds.o
 .text          0x00000000        0x0 sound_driver.o
 .data          0x00000000        0x0 sound_driver.o
 .bss           0x00000000        0x0 sound_driver.o
 .text          0x00000000        0x0 vga_driver.o
 .data          0x00000000        0x0 vga_driver.o
 .bss           0x00000000        0x0 vga_driver.o
 .text          0x00000000        0x0 main.o
 .data          0x00000000        0x0 main.o
 .bss           0x00000000        0x0 main.o
 .text          0x00000000        0x0 z:/program files (x86)/atmel/atmel toolchain/avr8 gcc/native/3.4.1061/avr8-gnu-toolchain/bin/../lib/gcc/avr/4.8.1/avrxmega7\libgcc.a(_exit.o)
 .data          0x00000000        0x0 z:/program files (x86)/atmel/atmel toolchain/avr8 gcc/native/3.4.1061/avr8-gnu-toolchain/bin/../lib/gcc/avr/4.8.1/avrxmega7\libgcc.a(_exit.o)
 .bss           0x00000000        0x0 z:/program files (x86)/atmel/atmel toolchain/avr8 gcc/native/3.4.1061/avr8-gnu-toolchain/bin/../lib/gcc/avr/4.8.1/avrxmega7\libgcc.a(_exit.o)
 .text.libgcc.mul
                0x00000000        0x0 z:/program files (x86)/atmel/atmel toolchain/avr8 gcc/native/3.4.1061/avr8-gnu-toolchain/bin/../lib/gcc/avr/4.8.1/avrxmega7\libgcc.a(_exit.o)
 .text.libgcc.div
                0x00000000        0x0 z:/program files (x86)/atmel/atmel toolchain/avr8 gcc/native/3.4.1061/avr8-gnu-toolchain/bin/../lib/gcc/avr/4.8.1/avrxmega7\libgcc.a(_exit.o)
 .text.libgcc   0x00000000        0x0 z:/program files (x86)/atmel/atmel toolchain/avr8 gcc/native/3.4.1061/avr8-gnu-toolchain/bin/../lib/gcc/avr/4.8.1/avrxmega7\libgcc.a(_exit.o)
 .text.libgcc.prologue
                0x00000000        0x0 z:/program files (x86)/atmel/atmel toolchain/avr8 gcc/native/3.4.1061/avr8-gnu-toolchain/bin/../lib/gcc/avr/4.8.1/avrxmega7\libgcc.a(_exit.o)
 .text.libgcc.builtins
                0x00000000        0x0 z:/program files (x86)/atmel/atmel toolchain/avr8 gcc/native/3.4.1061/avr8-gnu-toolchain/bin/../lib/gcc/avr/4.8.1/avrxmega7\libgcc.a(_exit.o)
 .text.libgcc.fmul
                0x00000000        0x0 z:/program files (x86)/atmel/atmel toolchain/avr8 gcc/native/3.4.1061/avr8-gnu-toolchain/bin/../lib/gcc/avr/4.8.1/avrxmega7\libgcc.a(_exit.o)
 .text.libgcc.fixed
                0x00000000        0x0 z:/program files (x86)/atmel/atmel toolchain/avr8 gcc/native/3.4.1061/avr8-gnu-toolchain/bin/../lib/gcc/avr/4.8.1/avrxmega7\libgcc.a(_exit.o)
 .text          0x00000000        0x0 z:/program files (x86)/atmel/atmel toolchain/avr8 gcc/native/3.4.1061/avr8-gnu-toolchain/bin/../lib/gcc/avr/4.8.1/avrxmega7\libgcc.a(_copy_data.o)
 .data          0x00000000        0x0 z:/program files (x86)/atmel/atmel toolchain/avr8 gcc/native/3.4.1061/avr8-gnu-toolchain/bin/../lib/gcc/avr/4.8.1/avrxmega7\libgcc.a(_copy_data.o)
 .bss           0x00000000        0x0 z:/program files (x86)/atmel/atmel toolchain/avr8 gcc/native/3.4.1061/avr8-gnu-toolchain/bin/../lib/gcc/avr/4.8.1/avrxmega7\libgcc.a(_copy_data.o)
 .text.libgcc.mul
                0x00000000        0x0 z:/program files (x86)/atmel/atmel toolchain/avr8 gcc/native/3.4.1061/avr8-gnu-toolchain/bin/../lib/gcc/avr/4.8.1/avrxmega7\libgcc.a(_copy_data.o)
 .text.libgcc.div
                0x00000000        0x0 z:/program files (x86)/atmel/atmel toolchain/avr8 gcc/native/3.4.1061/avr8-gnu-toolchain/bin/../lib/gcc/avr/4.8.1/avrxmega7\libgcc.a(_copy_data.o)
 .text.libgcc   0x00000000        0x0 z:/program files (x86)/atmel/atmel toolchain/avr8 gcc/native/3.4.1061/avr8-gnu-toolchain/bin/../lib/gcc/avr/4.8.1/avrxmega7\libgcc.a(_copy_data.o)
 .text.libgcc.prologue
                0x00000000        0x0 z:/program files (x86)/atmel/atmel toolchain/avr8 gcc/native/3.4.1061/avr8-gnu-toolchain/bin/../lib/gcc/avr/4.8.1/avrxmega7\libgcc.a(_copy_data.o)
 .text.libgcc.builtins
                0x00000000        0x0 z:/program files (x86)/atmel/atmel toolchain/avr8 gcc/native/3.4.1061/avr8-gnu-toolchain/bin/../lib/gcc/avr/4.8.1/avrxmega7\libgcc.a(_copy_data.o)
 .text.libgcc.fmul
                0x00000000        0x0 z:/program files (x86)/atmel/atmel toolchain/avr8 gcc/native/3.4.1061/avr8-gnu-toolchain/bin/../lib/gcc/avr/4.8.1/avrxmega7\libgcc.a(_copy_data.o)
 .text.libgcc.fixed
                0x00000000        0x0 z:/program files (x86)/atmel/atmel toolchain/avr8 gcc/native/3.4.1061/avr8-gnu-toolchain/bin/../lib/gcc/avr/4.8.1/avrxmega7\libgcc.a(_copy_data.o)
 .text          0x00000000        0x0 z:/program files (x86)/atmel/atmel toolchain/avr8 gcc/native/3.4.1061/avr8-gnu-toolchain/bin/../lib/gcc/avr/4.8.1/avrxmega7\libgcc.a(_clear_bss.o)
 .data          0x00000000        0x0 z:/program files (x86)/atmel/atmel toolchain/avr8 gcc/native/3.4.1061/avr8-gnu-toolchain/bin/../lib/gcc/avr/4.8.1/avrxmega7\libgcc.a(_clear_bss.o)
 .bss           0x00000000        0x0 z:/program files (x86)/atmel/atmel toolchain/avr8 gcc/native/3.4.1061/avr8-gnu-toolchain/bin/../lib/gcc/avr/4.8.1/avrxmega7\libgcc.a(_clear_bss.o)
 .text.libgcc.mul
                0x00000000        0x0 z:/program files (x86)/atmel/atmel toolchain/avr8 gcc/native/3.4.1061/avr8-gnu-toolchain/bin/../lib/gcc/avr/4.8.1/avrxmega7\libgcc.a(_clear_bss.o)
 .text.libgcc.div
                0x00000000        0x0 z:/program files (x86)/atmel/atmel toolchain/avr8 gcc/native/3.4.1061/avr8-gnu-toolchain/bin/../lib/gcc/avr/4.8.1/avrxmega7\libgcc.a(_clear_bss.o)
 .text.libgcc   0x00000000        0x0 z:/program files (x86)/atmel/atmel toolchain/avr8 gcc/native/3.4.1061/avr8-gnu-toolchain/bin/../lib/gcc/avr/4.8.1/avrxmega7\libgcc.a(_clear_bss.o)
 .text.libgcc.prologue
                0x00000000        0x0 z:/program files (x86)/atmel/atmel toolchain/avr8 gcc/native/3.4.1061/avr8-gnu-toolchain/bin/../lib/gcc/avr/4.8.1/avrxmega7\libgcc.a(_clear_bss.o)
 .text.libgcc.builtins
                0x00000000        0x0 z:/program files (x86)/atmel/atmel toolchain/avr8 gcc/native/3.4.1061/avr8-gnu-toolchain/bin/../lib/gcc/avr/4.8.1/avrxmega7\libgcc.a(_clear_bss.o)
 .text.libgcc.fmul
                0x00000000        0x0 z:/program files (x86)/atmel/atmel toolchain/avr8 gcc/native/3.4.1061/avr8-gnu-toolchain/bin/../lib/gcc/avr/4.8.1/avrxmega7\libgcc.a(_clear_bss.o)
 .text.libgcc.fixed
                0x00000000        0x0 z:/program files (x86)/atmel/atmel toolchain/avr8 gcc/native/3.4.1061/avr8-gnu-toolchain/bin/../lib/gcc/avr/4.8.1/avrxmega7\libgcc.a(_clear_bss.o)

Memory Configuration

Name             Origin             Length             Attributes
text             0x00000000         0x00100000         xr
data             0x00802000         0x0000ffa0         rw !x
eeprom           0x00810000         0x00010000         rw !x
fuse             0x00820000         0x00000400         rw !x
lock             0x00830000         0x00000400         rw !x
signature        0x00840000         0x00000400         rw !x
user_signatures  0x00850000         0x00000400         rw !x
*default*        0x00000000         0xffffffff

Linker script and memory map

LOAD z:/program files (x86)/atmel/atmel toolchain/avr8 gcc/native/3.4.1061/avr8-gnu-toolchain/bin/../lib/gcc/avr/4.8.1/../../../../avr/lib/avrxmega7/crtx128a1.o
LOAD button_driver.o
LOAD frame_buffer.o
LOAD fruit.o
LOAD snake.o
LOAD sounds.o
LOAD sound_driver.o
LOAD vga_driver.o
LOAD main.o
START GROUP
LOAD z:/program files (x86)/atmel/atmel toolchain/avr8 gcc/native/3.4.1061/avr8-gnu-toolchain/bin/../lib/gcc/avr/4.8.1/../../../../avr/lib/avrxmega7\libm.a
END GROUP
START GROUP
LOAD z:/program files (x86)/atmel/atmel toolchain/avr8 gcc/native/3.4.1061/avr8-gnu-toolchain/bin/../lib/gcc/avr/4.8.1/avrxmega7\libgcc.a
LOAD z:/program files (x86)/atmel/atmel toolchain/avr8 gcc/native/3.4.1061/avr8-gnu-toolchain/bin/../lib/gcc/avr/4.8.1/../../../../avr/lib/avrxmega7\libm.a
LOAD z:/program files (x86)/atmel/atmel toolchain/avr8 gcc/native/3.4.1061/avr8-gnu-toolchain/bin/../lib/gcc/avr/4.8.1/../../../../avr/lib/avrxmega7\libc.a
END GROUP

.hash
 *(.hash)

.dynsym
 *(.dynsym)

.dynstr
 *(.dynstr)

.gnu.version
 *(.gnu.version)

.gnu.version_d
 *(.gnu.version_d)

.gnu.version_r
 *(.gnu.version_r)

.rel.init
 *(.rel.init)

.rela.init
 *(.rela.init)

.rel.text
 *(.rel.text)
 *(.rel.text.*)
 *(.rel.gnu.linkonce.t*)

.rela.text
 *(.rela.text)
 *(.rela.text.*)
 *(.rela.gnu.linkonce.t*)

.rel.fini
 *(.rel.fini)

.rela.fini
 *(.rela.fini)

.rel.rodata
 *(.rel.rodata)
 *(.rel.rodata.*)
 *(.rel.gnu.linkonce.r*)

.rela.rodata
 *(.rela.rodata)
 *(.rela.rodata.*)
 *(.rela.gnu.linkonce.r*)

.rel.data
 *(.rel.data)
 *(.rel.data.*)
 *(.rel.gnu.linkonce.d*)

.rela.data
 *(.rela.data)
 *(.rela.data.*)
 *(.rela.gnu.linkonce.d*)

.rel.ctors
 *(.rel.ctors)

.rela.ctors
 *(.rela.ctors)

.rel.dtors
 *(.rel.dtors)

.rela.dtors
 *(.rela.dtors)

.rel.got
 *(.rel.got)

.rela.got
 *(.rela.got)

.rel.bss
 *(.rel.bss)

.rela.bss
 *(.rela.bss)

.rel.plt
 *(.rel.plt)

.rela.plt
 *(.rela.plt)

.text           0x00000000      0xc04
 *(.vectors)
 .vectors       0x00000000      0x1f4 z:/program files (x86)/atmel/atmel toolchain/avr8 gcc/native/3.4.1061/avr8-gnu-toolchain/bin/../lib/gcc/avr/4.8.1/../../../../avr/lib/avrxmega7/crtx128a1.o
                0x00000000                __vector_default
                0x00000000                __vectors
 *(.vectors)
 *(.progmem.gcc*)
                0x000001f4                . = ALIGN (0x2)
                0x000001f4                __trampolines_start = .
 *(.trampolines)
 .trampolines   0x000001f4        0x0 linker stubs
 *(.trampolines*)
                0x000001f4                __trampolines_end = .
 *(.progmem*)
                0x000001f4                . = ALIGN (0x2)
 *(.jumptables)
 *(.jumptables*)
 *(.lowtext)
 *(.lowtext*)
                0x000001f4                __ctors_start = .
 *(.ctors)
                0x000001f4                __ctors_end = .
                0x000001f4                __dtors_start = .
 *(.dtors)
                0x000001f4                __dtors_end = .
 SORT(*)(.ctors)
 SORT(*)(.dtors)
 *(.init0)
 .init0         0x000001f4        0x0 z:/program files (x86)/atmel/atmel toolchain/avr8 gcc/native/3.4.1061/avr8-gnu-toolchain/bin/../lib/gcc/avr/4.8.1/../../../../avr/lib/avrxmega7/crtx128a1.o
                0x000001f4                __init
 *(.init0)
 *(.init1)
 *(.init1)
 *(.init2)
 .init2         0x000001f4       0x18 z:/program files (x86)/atmel/atmel toolchain/avr8 gcc/native/3.4.1061/avr8-gnu-toolchain/bin/../lib/gcc/avr/4.8.1/../../../../avr/lib/avrxmega7/crtx128a1.o
 *(.init2)
 *(.init3)
 *(.init3)
 *(.init4)
 .init4         0x0000020c       0x1c z:/program files (x86)/atmel/atmel toolchain/avr8 gcc/native/3.4.1061/avr8-gnu-toolchain/bin/../lib/gcc/avr/4.8.1/avrxmega7\libgcc.a(_copy_data.o)
                0x0000020c                __do_copy_data
 .init4         0x00000228       0x10 z:/program files (x86)/atmel/atmel toolchain/avr8 gcc/native/3.4.1061/avr8-gnu-toolchain/bin/../lib/gcc/avr/4.8.1/avrxmega7\libgcc.a(_clear_bss.o)
                0x00000228                __do_clear_bss
 *(.init4)
 *(.init5)
 *(.init5)
 *(.init6)
 *(.init6)
 *(.init7)
 *(.init7)
 *(.init8)
 *(.init8)
 *(.init9)
 .init9         0x00000238        0x4 z:/program files (x86)/atmel/atmel toolchain/avr8 gcc/native/3.4.1061/avr8-gnu-toolchain/bin/../lib/gcc/avr/4.8.1/../../../../avr/lib/avrxmega7/crtx128a1.o
 *(.init9)
 *(.text)
 .text          0x0000023c        0x2 z:/program files (x86)/atmel/atmel toolchain/avr8 gcc/native/3.4.1061/avr8-gnu-toolchain/bin/../lib/gcc/avr/4.8.1/../../../../avr/lib/avrxmega7/crtx128a1.o
                0x0000023c                __vector_38
                0x0000023c                __vector_104
                0x0000023c                __vector_22
                0x0000023c                __vector_63
                0x0000023c                __vector_28
                0x0000023c                __vector_67
                0x0000023c                __vector_1
                0x0000023c                __vector_119
                0x0000023c                __vector_32
                0x0000023c                __vector_75
                0x0000023c                __vector_71
                0x0000023c                __vector_91
                0x0000023c                __vector_34
                0x0000023c                __vector_62
                0x0000023c                __vector_102
                0x0000023c                __vector_24
                0x0000023c                __vector_12
                0x0000023c                __vector_55
                0x0000023c                __vector_69
                0x0000023c                __vector_81
                0x0000023c                __vector_90
                0x0000023c                __vector_46
                0x0000023c                __bad_interrupt
                0x0000023c                __vector_122
                0x0000023c                __vector_72
                0x0000023c                __vector_114
                0x0000023c                __vector_6
                0x0000023c                __vector_110
                0x0000023c                __vector_31
                0x0000023c                __vector_92
                0x0000023c                __vector_35
                0x0000023c                __vector_78
                0x0000023c                __vector_74
                0x0000023c                __vector_117
                0x0000023c                __vector_39
                0x0000023c                __vector_107
                0x0000023c                __vector_3
                0x0000023c                __vector_105
                0x0000023c                __vector_98
                0x0000023c                __vector_23
                0x0000023c                __vector_68
                0x0000023c                __vector_30
                0x0000023c                __vector_73
                0x0000023c                __vector_45
                0x0000023c                __vector_25
                0x0000023c                __vector_93
                0x0000023c                __vector_61
                0x0000023c                __vector_11
                0x0000023c                __vector_54
                0x0000023c                __vector_99
                0x0000023c                __vector_13
                0x0000023c                __vector_19
                0x0000023c                __vector_56
                0x0000023c                __vector_7
                0x0000023c                __vector_49
                0x0000023c                __vector_123
                0x0000023c                __vector_41
                0x0000023c                __vector_86
                0x0000023c                __vector_100
                0x0000023c                __vector_101
                0x0000023c                __vector_64
                0x0000023c                __vector_88
                0x0000023c                __vector_109
                0x0000023c                __vector_43
                0x0000023c                __vector_27
                0x0000023c                __vector_5
                0x0000023c                __vector_113
                0x0000023c                __vector_33
                0x0000023c                __vector_76
                0x0000023c                __vector_115
                0x0000023c                __vector_52
                0x0000023c                __vector_37
                0x0000023c                __vector_95
                0x0000023c                __vector_103
                0x0000023c                __vector_96
                0x0000023c                __vector_89
                0x0000023c                __vector_108
                0x0000023c                __vector_4
                0x0000023c                __vector_44
                0x0000023c                __vector_82
                0x0000023c                __vector_106
                0x0000023c                __vector_118
                0x0000023c                __vector_51
                0x0000023c                __vector_9
                0x0000023c                __vector_2
                0x0000023c                __vector_21
                0x0000023c                __vector_15
                0x0000023c                __vector_66
                0x0000023c                __vector_36
                0x0000023c                __vector_79
                0x0000023c                __vector_58
                0x0000023c                __vector_70
                0x0000023c                __vector_83
                0x0000023c                __vector_29
                0x0000023c                __vector_60
                0x0000023c                __vector_121
                0x0000023c                __vector_40
                0x0000023c                __vector_85
                0x0000023c                __vector_94
                0x0000023c                __vector_8
                0x0000023c                __vector_26
                0x0000023c                __vector_48
                0x0000023c                __vector_124
                0x0000023c                __vector_116
                0x0000023c                __vector_112
                0x0000023c                __vector_111
                0x0000023c                __vector_80
                0x0000023c                __vector_84
                0x0000023c                __vector_57
                0x0000023c                __vector_53
                0x0000023c                __vector_10
                0x0000023c                __vector_50
                0x0000023c                __vector_59
                0x0000023c                __vector_97
                0x0000023c                __vector_20
                0x0000023c                __vector_42
                0x0000023c                __vector_87
                0x0000023c                __vector_65
                0x0000023c                __vector_120
                0x0000023e                . = ALIGN (0x2)
 *(.text.*)
 .text.increment_button_debounce_count
                0x0000023e       0x36 button_driver.o
 .text.decrement_button_debounce_count
                0x00000274       0x3a button_driver.o
 .text.setup_buttons
                0x000002ae       0x28 button_driver.o
                0x000002ae                setup_buttons
 .text.sample_buttons
                0x000002d6       0x5c button_driver.o
                0x000002d6                sample_buttons
 .text.has_button_changed
                0x00000332       0x16 button_driver.o
                0x00000332                has_button_changed
 .text.is_button_pressed
                0x00000348       0x1c button_driver.o
                0x00000348                is_button_pressed
 .text.clear_frame_buffer
                0x00000364       0x64 frame_buffer.o
                0x00000364                clear_frame_buffer
 .text.init_snake_body
                0x000003c8       0x60 snake.o
                0x000003c8                init_snake_body
 .text.init_game_state
                0x00000428       0x12 snake.o
                0x00000428                init_game_state
 .text.initialize_game
                0x0000043a       0x2e snake.o
                0x0000043a                initialize_game
 .text.change_direction
                0x00000468       0x28 snake.o
                0x00000468                change_direction
 .text.update_snake_position
                0x00000490       0xf2 snake.o
                0x00000490                update_snake_position
 .text.update_snake
                0x00000582       0x38 snake.o
                0x00000582                update_snake
 .text.update_game_state
                0x000005ba       0x88 snake.o
                0x000005ba                update_game_state
 .text.toggle_pause_game
                0x00000642       0x16 snake.o
                0x00000642                toggle_pause_game
 .text.setup_sound
                0x00000658       0x34 sound_driver.o
                0x00000658                setup_sound
 .text.play_song
                0x0000068c       0x90 sound_driver.o
                0x0000068c                play_song
 .text.__vector_47
                0x0000071c      0x190 sound_driver.o
                0x0000071c                __vector_47
 .text.setup_vga
                0x000008ac       0x88 vga_driver.o
                0x000008ac                setup_vga
 .text.start_vga
                0x00000934       0x16 vga_driver.o
                0x00000934                start_vga
 .text.__vector_16
                0x0000094a       0x36 vga_driver.o
                0x0000094a                __vector_16
 .text.__vector_17
                0x00000980       0x6e vga_driver.o
                0x00000980                __vector_17
 .text.__vector_18
                0x000009ee       0x50 vga_driver.o
                0x000009ee                __vector_18
 .text.__vector_14
                0x00000a3e       0x80 vga_driver.o
                0x00000a3e                __vector_14
 .text.__vector_77
                0x00000abe       0x6c vga_driver.o
                0x00000abe                __vector_77
 .text.main     0x00000b2a       0xd6 main.o
                0x00000b2a                main
                0x00000c00                . = ALIGN (0x2)
 *(.fini9)
 .fini9         0x00000c00        0x0 z:/program files (x86)/atmel/atmel toolchain/avr8 gcc/native/3.4.1061/avr8-gnu-toolchain/bin/../lib/gcc/avr/4.8.1/avrxmega7\libgcc.a(_exit.o)
                0x00000c00                _exit
                0x00000c00                exit
 *(.fini9)
 *(.fini8)
 *(.fini8)
 *(.fini7)
 *(.fini7)
 *(.fini6)
 *(.fini6)
 *(.fini5)
 *(.fini5)
 *(.fini4)
 *(.fini4)
 *(.fini3)
 *(.fini3)
 *(.fini2)
 *(.fini2)
 *(.fini1)
 *(.fini1)
 *(.fini0)
 .fini0         0x00000c00        0x4 z:/program files (x86)/atmel/atmel toolchain/avr8 gcc/native/3.4.1061/avr8-gnu-toolchain/bin/../lib/gcc/avr/4.8.1/avrxmega7\libgcc.a(_exit.o)
 *(.fini0)
                0x00000c04                _etext = .

.data           0x00802000      0x20a load address 0x00000c04
                0x00802000                PROVIDE (__data_start, .)
 *(.data)
 *(.data*)
 .data.frame_buffer
                0x00802000      0x100 frame_buffer.o
                0x00802000                frame_buffer
 *(.rodata)
 *(.rodata*)
 .rodata.fruit_spawn_positions
                0x00802100       0x28 fruit.o
                0x00802100                fruit_spawn_positions
 .rodata.up_notes
                0x00802128       0x1e sounds.o
                0x00802128                up_notes
 .rodata.d_sound
                0x00802146       0x30 sounds.o
                0x00802146                d_sound
 .rodata.g_sound
                0x00802176       0x30 sounds.o
                0x00802176                g_sound
 .rodata.c_sound
                0x008021a6       0x30 sounds.o
                0x008021a6                c_sound
 .rodata.e_sound
                0x008021d6       0x30 sounds.o
                0x008021d6                e_sound
 .rodata.up_song
                0x00802206        0x4 sounds.o
                0x00802206                up_song
 *(.gnu.linkonce.d*)
                0x0080220a                . = ALIGN (0x2)
                0x0080220a                _edata = .
                0x0080220a                PROVIDE (__data_end, .)

.bss            0x0080220a       0x80
                0x0080220a                PROVIDE (__bss_start, .)
 *(.bss)
 *(.bss*)
 .bss.buttons   0x0080220a        0xa button_driver.o
                0x0080220a                buttons
 .bss.update_snake_flag
                0x00802214        0x1 snake.o
 .bss.updates   0x00802215        0x1 snake.o
 .bss.game_paused
                0x00802216        0x1 snake.o
 .bss.snake_body_size
                0x00802217        0x1 snake.o
 .bss.curr_song_repeat
                0x00802218        0x1 sound_driver.o
 .bss.curr_sound
                0x00802219        0x1 sound_driver.o
 .bss.curr_repeat
                0x0080221a        0x2 sound_driver.o
 .bss.curr_note
                0x0080221c        0x1 sound_driver.o
 .bss.song_ptr  0x0080221d        0x2 sound_driver.o
 .bss.curr_scanline
                0x0080221f        0x2 vga_driver.o
 *(COMMON)
 COMMON         0x00802221       0x67 button_driver.o
                0x00802221                snake
                0x00802285                fruit_pos_curr_index
                0x00802286                frame_buffer_ptr
 COMMON         0x00802288        0x2 vga_driver.o
                0x00802288                screen_colour_mask
                0x00802289                vsync_backporch
                0x0080228a                PROVIDE (__bss_end, .)
                0x00000c04                __data_load_start = LOADADDR (.data)
                0x00000e0e                __data_load_end = (__data_load_start + SIZEOF (.data))

.noinit         0x0080228a        0x0
                0x0080228a                PROVIDE (__noinit_start, .)
 *(.noinit*)
                0x0080228a                PROVIDE (__noinit_end, .)
                0x0080228a                _end = .
                0x0080228a                PROVIDE (__heap_start, .)

.eeprom         0x00810000        0x0
 *(.eeprom*)
                0x00810000                __eeprom_end = .

.fuse
 *(.fuse)
 *(.lfuse)
 *(.hfuse)
 *(.efuse)

.lock
 *(.lock*)

.signature
 *(.signature*)

.user_signatures
 *(.user_signatures*)

.stab
 *(.stab)

.stabstr
 *(.stabstr)

.stab.excl
 *(.stab.excl)

.stab.exclstr
 *(.stab.exclstr)

.stab.index
 *(.stab.index)

.stab.indexstr
 *(.stab.indexstr)

.comment        0x00000000       0x30
 *(.comment)
 .comment       0x00000000       0x30 button_driver.o
                                 0x31 (size before relaxing)
 .comment       0x00000000       0x31 frame_buffer.o
 .comment       0x00000000       0x31 fruit.o
 .comment       0x00000000       0x31 snake.o
 .comment       0x00000000       0x31 sounds.o
 .comment       0x00000000       0x31 sound_driver.o
 .comment       0x00000000       0x31 vga_driver.o
 .comment       0x00000000       0x31 main.o

.note.gnu.build-id
 *(.note.gnu.build-id)

.debug
 *(.debug)

.line
 *(.line)

.debug_srcinfo
 *(.debug_srcinfo)

.debug_sfnames
 *(.debug_sfnames)

.debug_aranges  0x00000000      0x190
 *(.debug_aranges)
 .debug_aranges
                0x00000000       0x48 button_driver.o
 .debug_aranges
                0x00000048       0x20 frame_buffer.o
 .debug_aranges
                0x00000068       0x18 fruit.o
 .debug_aranges
                0x00000080       0x58 snake.o
 .debug_aranges
                0x000000d8       0x18 sounds.o
 .debug_aranges
                0x000000f0       0x30 sound_driver.o
 .debug_aranges
                0x00000120       0x50 vga_driver.o
 .debug_aranges
                0x00000170       0x20 main.o

.debug_pubnames
 *(.debug_pubnames)

.debug_info     0x00000000     0x1ef6
 *(.debug_info .gnu.linkonce.wi.*)
 .debug_info    0x00000000      0x52c button_driver.o
 .debug_info    0x0000052c       0xa0 frame_buffer.o
 .debug_info    0x000005cc       0x9c fruit.o
 .debug_info    0x00000668      0x5b8 snake.o
 .debug_info    0x00000c20      0x1b5 sounds.o
 .debug_info    0x00000dd5      0x350 sound_driver.o
 .debug_info    0x00001125      0x572 vga_driver.o
 .debug_info    0x00001697      0x85f main.o

.debug_abbrev   0x00000000      0x967
 *(.debug_abbrev)
 .debug_abbrev  0x00000000      0x189 button_driver.o
 .debug_abbrev  0x00000189       0x74 frame_buffer.o
 .debug_abbrev  0x000001fd       0x70 fruit.o
 .debug_abbrev  0x0000026d      0x21c snake.o
 .debug_abbrev  0x00000489       0x79 sounds.o
 .debug_abbrev  0x00000502      0x114 sound_driver.o
 .debug_abbrev  0x00000616      0x18a vga_driver.o
 .debug_abbrev  0x000007a0      0x1c7 main.o

.debug_line     0x00000000      0xec3
 *(.debug_line .debug_line.* .debug_line_end)
 .debug_line    0x00000000      0x2d7 button_driver.o
 .debug_line    0x000002d7       0x83 frame_buffer.o
 .debug_line    0x0000035a       0x35 fruit.o
 .debug_line    0x0000038f      0x347 snake.o
 .debug_line    0x000006d6       0x37 sounds.o
 .debug_line    0x0000070d      0x227 sound_driver.o
 .debug_line    0x00000934      0x32f vga_driver.o
 .debug_line    0x00000c63      0x260 main.o

.debug_frame    0x00000000      0x300
 *(.debug_frame)
 .debug_frame   0x00000000       0x74 button_driver.o
 .debug_frame   0x00000074       0x24 frame_buffer.o
 .debug_frame   0x00000098       0xbc snake.o
 .debug_frame   0x00000154       0x7c sound_driver.o
 .debug_frame   0x000001d0      0x10c vga_driver.o
 .debug_frame   0x000002dc       0x24 main.o

.debug_str      0x00000000      0xce7
 *(.debug_str)
 .debug_str     0x00000000      0x3e7 button_driver.o
                                0x460 (size before relaxing)
 .debug_str     0x000003e7       0x31 frame_buffer.o
                                0x157 (size before relaxing)
 .debug_str     0x00000418        0xd fruit.o
                                0x157 (size before relaxing)
 .debug_str     0x00000425      0x197 snake.o
                                0x438 (size before relaxing)
 .debug_str     0x000005bc       0x37 sounds.o
                                0x1af (size before relaxing)
 .debug_str     0x000005f3      0x28b sound_driver.o
                                0x52b (size before relaxing)
 .debug_str     0x0000087e      0x246 vga_driver.o
                                0x681 (size before relaxing)
 .debug_str     0x00000ac4      0x223 main.o
                                0x5b0 (size before relaxing)

.debug_loc      0x00000000      0x52b
 *(.debug_loc)
 .debug_loc     0x00000000       0x63 button_driver.o
 .debug_loc     0x00000063       0x24 frame_buffer.o
 .debug_loc     0x00000087      0x21c snake.o
 .debug_loc     0x000002a3       0xda sound_driver.o
 .debug_loc     0x0000037d      0x1ae vga_driver.o

.debug_macinfo
 *(.debug_macinfo)

.debug_weaknames
 *(.debug_weaknames)

.debug_funcnames
 *(.debug_funcnames)

.debug_typenames
 *(.debug_typenames)

.debug_varnames
 *(.debug_varnames)

.debug_pubtypes
 *(.debug_pubtypes)

.debug_ranges   0x00000000      0x100
 *(.debug_ranges)
 .debug_ranges  0x00000000       0x38 button_driver.o
 .debug_ranges  0x00000038       0x10 frame_buffer.o
 .debug_ranges  0x00000048       0x48 snake.o
 .debug_ranges  0x00000090       0x20 sound_driver.o
 .debug_ranges  0x000000b0       0x40 vga_driver.o
 .debug_ranges  0x000000f0       0x10 main.o

.debug_macro
 *(.debug_macro)
OUTPUT(VideoGameConsole.elf elf32-avr)
LOAD linker stubs
